launch_h3.sh: GC plugin missing in /usr/lib/habanatools/habana_plugins; using /opt/habanalabs/habana_plugins
[h3] plan: {
  "workflow": "t2va",
  "bucket_res": "r480",
  "canvas": [
    864,
    480
  ],
  "duration_frames": 124,
  "T_lat": 37,
  "audio_latents": 207,
  "rows_per_frame": 405,
  "fl2va_extra_rows": 0,
  "text_budget": 512,
  "expected_packed_seq": 15911,
  "steps": 30,
  "seed": 42,
  "device_map": {
    "te": "cpu",
    "dit": "hpu",
    "vae": "cpu",
    "audio": "cpu"
  }
}
[h3] workdir: /root/src/h3/hpu_port/workdir/t2va
Loading weights:   0%|          | 0/1058 [00:00<?, ?it/s]Loading weights:  37%|███▋      | 387/1058 [00:00<00:00, 3860.59it/s]Loading weights:  73%|███████▎  | 774/1058 [00:00<00:00, 3280.85it/s]Loading weights: 100%|██████████| 1058/1058 [00:00<00:00, 3299.47it/s]
Loading checkpoint shards:   0%|          | 0/14 [00:00<?, ?it/s]Loading checkpoint shards:  36%|███▌      | 5/14 [00:00<00:00, 48.73it/s]Loading checkpoint shards:  79%|███████▊  | 11/14 [00:00<00:00, 52.77it/s]Loading checkpoint shards: 100%|██████████| 14/14 [00:00<00:00, 52.82it/s]
Loading checkpoint shards:   0%|          | 0/3 [00:00<?, ?it/s]Loading checkpoint shards: 100%|██████████| 3/3 [00:00<00:00, 27.27it/s]Loading checkpoint shards: 100%|██████████| 3/3 [00:00<00:00, 27.23it/s]
/root/src/h3/.venv/lib/python3.12/site-packages/torch/nn/utils/weight_norm.py:144: FutureWarning: `torch.nn.utils.weight_norm` is deprecated in favor of `torch.nn.utils.parametrizations.weight_norm`.
  WeightNorm.apply(module, name, dim)
============================= HPU PT BRIDGE CONFIGURATION ON RANK = 0 ============= 
 PT_HPU_LAZY_MODE = 1
 PT_HPU_RECIPE_CACHE_CONFIG = /root/src/h3/hpu_port/.recipe_cache,false,8192,false
 PT_HPU_MAX_COMPOUND_OP_SIZE = 9223372036854775807
 PT_HPU_LAZY_ACC_PAR_MODE = 1
 PT_HPU_ENABLE_REFINE_DYNAMIC_SHAPES = 0
 PT_HPU_EAGER_PIPELINE_ENABLE = 1
 PT_HPU_EAGER_COLLECTIVE_PIPELINE_ENABLE = 1
 PT_HPU_ENABLE_LAZY_COLLECTIVES = 0
---------------------------: System Configuration :---------------------------
Num CPU Cores : 128
CPU RAM       : 125 GB
------------------------------------------------------------------------------
Attention backends are an experimental feature and the API may be subject to change.
Attention backends are an experimental feature and the API may be subject to change.
[h3] placed transformer on hpu
[h3] attention backend: habana_fused_sdpa (DiT + video VAE)
[h3] rope cache installed on transformer.rope
[h3] DiT wrapped into HPU graphs (per-bucket static shapes)
[h3] graphs ON
[h3] block logging installed (12 block classes; H3_LOG_BLOCKS=0 to disable)
[h3:block] > SequentialPipelineBlocks
  [h3:block] > MiniMaxH3TextEncoderStep
[h3] embed cache hit: /root/src/h3/hpu_port/.ecache/0be639c56afc729bbdfd0553cfcdb827514604c2bc47bd7cba02687153a0c4ff.pt
  [h3:block] < MiniMaxH3TextEncoderStep: 0.012s
  [h3:block] > MiniMaxH3NoKeyframeAnchorsStep
  [h3:block] < MiniMaxH3NoKeyframeAnchorsStep: 0.000s
  [h3:block] > MiniMaxH3PrepareLayoutStep
  [h3:block] < MiniMaxH3PrepareLayoutStep: 0.018s
  [h3:block] > MiniMaxH3PrepareLatentsStep
  [h3:block] < MiniMaxH3PrepareLatentsStep: 0.012s
  [h3:block] > MiniMaxH3SetTimestepsStep
  [h3:block] < MiniMaxH3SetTimestepsStep: 0.032s
  [h3:block] > MiniMaxH3DenoiseStep
  0%|          | 0/29 [00:00<?, ?it/s]    [h3:block] > MiniMaxH3LoopDenoiser i=0 t=0.0000
[W911 22:15:14.729233727 hpu_lazy_tensors.cpp:1293] Warning: The following operations used in HPU graphs might result in accuracy issues : index_select. (function WarnIfOpsIncompatibleWithHPUGraphs)
    [h3:block] < MiniMaxH3LoopDenoiser i=0 t=0.0000: 0.713s
    [h3:block] > MiniMaxH3LoopSchedulerStep i=0 t=0.0000
    [h3:block] < MiniMaxH3LoopSchedulerStep i=0 t=0.0000: 0.003s
  3%|▎         | 1/29 [00:00<00:20,  1.40it/s]    [h3:block] > MiniMaxH3LoopDenoiser i=1 t=0.0030
    [h3:block] < MiniMaxH3LoopDenoiser i=1 t=0.0030: 7.313s
    [h3:block] > MiniMaxH3LoopSchedulerStep i=1 t=0.0030
    [h3:block] < MiniMaxH3LoopSchedulerStep i=1 t=0.0030: 0.003s
  7%|▋         | 2/29 [00:08<02:04,  4.60s/it]    [h3:block] > MiniMaxH3LoopDenoiser i=2 t=0.0061
    [h3:block] < MiniMaxH3LoopDenoiser i=2 t=0.0061: 0.032s
    [h3:block] > MiniMaxH3LoopSchedulerStep i=2 t=0.0061
    [h3:block] < MiniMaxH3LoopSchedulerStep i=2 t=0.0061: 0.006s
    [h3:block] > MiniMaxH3LoopDenoiser i=3 t=0.0095
    [h3:block] < MiniMaxH3LoopDenoiser i=3 t=0.0095: 0.005s
    [h3:block] > MiniMaxH3LoopSchedulerStep i=3 t=0.0095
    [h3:block] < MiniMaxH3LoopSchedulerStep i=3 t=0.0095: 0.006s
    [h3:block] > MiniMaxH3LoopDenoiser i=4 t=0.0132
    [h3:block] < MiniMaxH3LoopDenoiser i=4 t=0.0132: 0.004s
    [h3:block] > MiniMaxH3LoopSchedulerStep i=4 t=0.0132
    [h3:block] < MiniMaxH3LoopSchedulerStep i=4 t=0.0132: 0.006s
    [h3:block] > MiniMaxH3LoopDenoiser i=5 t=0.0171
    [h3:block] < MiniMaxH3LoopDenoiser i=5 t=0.0171: 0.004s
    [h3:block] > MiniMaxH3LoopSchedulerStep i=5 t=0.0171
    [h3:block] < MiniMaxH3LoopSchedulerStep i=5 t=0.0171: 0.005s
    [h3:block] > MiniMaxH3LoopDenoiser i=6 t=0.0213
    [h3:block] < MiniMaxH3LoopDenoiser i=6 t=0.0213: 0.004s
    [h3:block] > MiniMaxH3LoopSchedulerStep i=6 t=0.0213
    [h3:block] < MiniMaxH3LoopSchedulerStep i=6 t=0.0213: 0.005s
    [h3:block] > MiniMaxH3LoopDenoiser i=7 t=0.0258
    [h3:block] < MiniMaxH3LoopDenoiser i=7 t=0.0258: 0.004s
    [h3:block] > MiniMaxH3LoopSchedulerStep i=7 t=0.0258
    [h3:block] < MiniMaxH3LoopSchedulerStep i=7 t=0.0258: 0.002s
    [h3:block] > MiniMaxH3LoopDenoiser i=8 t=0.0308
    [h3:block] < MiniMaxH3LoopDenoiser i=8 t=0.0308: 0.004s
    [h3:block] > MiniMaxH3LoopSchedulerStep i=8 t=0.0308
    [h3:block] < MiniMaxH3LoopSchedulerStep i=8 t=0.0308: 0.002s
    [h3:block] > MiniMaxH3LoopDenoiser i=9 t=0.0361
    [h3:block] < MiniMaxH3LoopDenoiser i=9 t=0.0361: 0.004s
    [h3:block] > MiniMaxH3LoopSchedulerStep i=9 t=0.0361
    [h3:block] < MiniMaxH3LoopSchedulerStep i=9 t=0.0361: 0.002s
    [h3:block] > MiniMaxH3LoopDenoiser i=10 t=0.0420
    [h3:block] < MiniMaxH3LoopDenoiser i=10 t=0.0420: 0.004s
    [h3:block] > MiniMaxH3LoopSchedulerStep i=10 t=0.0420
    [h3:block] < MiniMaxH3LoopSchedulerStep i=10 t=0.0420: 0.002s
    [h3:block] > MiniMaxH3LoopDenoiser i=11 t=0.0485
    [h3:block] < MiniMaxH3LoopDenoiser i=11 t=0.0485: 0.004s
    [h3:block] > MiniMaxH3LoopSchedulerStep i=11 t=0.0485
    [h3:block] < MiniMaxH3LoopSchedulerStep i=11 t=0.0485: 0.002s
 41%|████▏     | 12/29 [00:08<00:08,  2.01it/s]    [h3:block] > MiniMaxH3LoopDenoiser i=12 t=0.0556
    [h3:block] < MiniMaxH3LoopDenoiser i=12 t=0.0556: 0.004s
    [h3:block] > MiniMaxH3LoopSchedulerStep i=12 t=0.0556
    [h3:block] < MiniMaxH3LoopSchedulerStep i=12 t=0.0556: 0.002s
    [h3:block] > MiniMaxH3LoopDenoiser i=13 t=0.0634
    [h3:block] < MiniMaxH3LoopDenoiser i=13 t=0.0634: 0.004s
    [h3:block] > MiniMaxH3LoopSchedulerStep i=13 t=0.0634
    [h3:block] < MiniMaxH3LoopSchedulerStep i=13 t=0.0634: 0.002s
    [h3:block] > MiniMaxH3LoopDenoiser i=14 t=0.0722
    [h3:block] < MiniMaxH3LoopDenoiser i=14 t=0.0722: 0.004s
    [h3:block] > MiniMaxH3LoopSchedulerStep i=14 t=0.0722
    [h3:block] < MiniMaxH3LoopSchedulerStep i=14 t=0.0722: 0.002s
    [h3:block] > MiniMaxH3LoopDenoiser i=15 t=0.0820
    [h3:block] < MiniMaxH3LoopDenoiser i=15 t=0.0820: 0.004s
    [h3:block] > MiniMaxH3LoopSchedulerStep i=15 t=0.0820
    [h3:block] < MiniMaxH3LoopSchedulerStep i=15 t=0.0820: 0.002s
    [h3:block] > MiniMaxH3LoopDenoiser i=16 t=0.0930
    [h3:block] < MiniMaxH3LoopDenoiser i=16 t=0.0930: 0.004s
    [h3:block] > MiniMaxH3LoopSchedulerStep i=16 t=0.0930
    [h3:block] < MiniMaxH3LoopSchedulerStep i=16 t=0.0930: 0.002s
    [h3:block] > MiniMaxH3LoopDenoiser i=17 t=0.1056
    [h3:block] < MiniMaxH3LoopDenoiser i=17 t=0.1056: 0.004s
    [h3:block] > MiniMaxH3LoopSchedulerStep i=17 t=0.1056
    [h3:block] < MiniMaxH3LoopSchedulerStep i=17 t=0.1056: 0.002s
    [h3:block] > MiniMaxH3LoopDenoiser i=18 t=0.1200
    [h3:block] < MiniMaxH3LoopDenoiser i=18 t=0.1200: 0.004s
    [h3:block] > MiniMaxH3LoopSchedulerStep i=18 t=0.1200
    [h3:block] < MiniMaxH3LoopSchedulerStep i=18 t=0.1200: 0.002s
    [h3:block] > MiniMaxH3LoopDenoiser i=19 t=0.1367
    [h3:block] < MiniMaxH3LoopDenoiser i=19 t=0.1367: 0.004s
    [h3:block] > MiniMaxH3LoopSchedulerStep i=19 t=0.1367
    [h3:block] < MiniMaxH3LoopSchedulerStep i=19 t=0.1367: 0.002s
    [h3:block] > MiniMaxH3LoopDenoiser i=20 t=0.1563
    [h3:block] < MiniMaxH3LoopDenoiser i=20 t=0.1563: 0.004s
    [h3:block] > MiniMaxH3LoopSchedulerStep i=20 t=0.1563
    [h3:block] < MiniMaxH3LoopSchedulerStep i=20 t=0.1563: 0.002s
    [h3:block] > MiniMaxH3LoopDenoiser i=21 t=0.1795
    [h3:block] < MiniMaxH3LoopDenoiser i=21 t=0.1795: 0.004s
    [h3:block] > MiniMaxH3LoopSchedulerStep i=21 t=0.1795
    [h3:block] < MiniMaxH3LoopSchedulerStep i=21 t=0.1795: 0.002s
    [h3:block] > MiniMaxH3LoopDenoiser i=22 t=0.2075
    [h3:block] < MiniMaxH3LoopDenoiser i=22 t=0.2075: 0.003s
    [h3:block] > MiniMaxH3LoopSchedulerStep i=22 t=0.2075
    [h3:block] < MiniMaxH3LoopSchedulerStep i=22 t=0.2075: 0.002s
    [h3:block] > MiniMaxH3LoopDenoiser i=23 t=0.2421
    [h3:block] < MiniMaxH3LoopDenoiser i=23 t=0.2421: 0.004s
    [h3:block] > MiniMaxH3LoopSchedulerStep i=23 t=0.2421
    [h3:block] < MiniMaxH3LoopSchedulerStep i=23 t=0.2421: 0.002s
    [h3:block] > MiniMaxH3LoopDenoiser i=24 t=0.2857
    [h3:block] < MiniMaxH3LoopDenoiser i=24 t=0.2857: 0.003s
    [h3:block] > MiniMaxH3LoopSchedulerStep i=24 t=0.2857
    [h3:block] < MiniMaxH3LoopSchedulerStep i=24 t=0.2857: 0.002s
    [h3:block] > MiniMaxH3LoopDenoiser i=25 t=0.3425
    [h3:block] < MiniMaxH3LoopDenoiser i=25 t=0.3425: 0.004s
    [h3:block] > MiniMaxH3LoopSchedulerStep i=25 t=0.3425
    [h3:block] < MiniMaxH3LoopSchedulerStep i=25 t=0.3425: 0.002s
    [h3:block] > MiniMaxH3LoopDenoiser i=26 t=0.4194
    [h3:block] < MiniMaxH3LoopDenoiser i=26 t=0.4194: 0.003s
    [h3:block] > MiniMaxH3LoopSchedulerStep i=26 t=0.4194
    [h3:block] < MiniMaxH3LoopSchedulerStep i=26 t=0.4194: 0.002s
    [h3:block] > MiniMaxH3LoopDenoiser i=27 t=0.5294
    [h3:block] < MiniMaxH3LoopDenoiser i=27 t=0.5294: 0.004s
    [h3:block] > MiniMaxH3LoopSchedulerStep i=27 t=0.5294
    [h3:block] < MiniMaxH3LoopSchedulerStep i=27 t=0.5294: 0.002s
    [h3:block] > MiniMaxH3LoopDenoiser i=28 t=0.7000
    [h3:block] < MiniMaxH3LoopDenoiser i=28 t=0.7000: 0.003s
    [h3:block] > MiniMaxH3LoopSchedulerStep i=28 t=0.7000
    [h3:block] < MiniMaxH3LoopSchedulerStep i=28 t=0.7000: 0.002s
100%|██████████| 29/29 [00:08<00:00,  3.52it/s]
  [h3:block] < MiniMaxH3DenoiseStep: 8.228s
  [h3:block] > MiniMaxH3AfterDenoiseStep
  [h3:block] < MiniMaxH3AfterDenoiseStep: 0.001s
  [h3:block] > _H3VideoDecodeStep
  [h3:block] < _H3VideoDecodeStep: 1804.441s
  [h3:block] > _H3AudioDecodeStep
  [h3:block] < _H3AudioDecodeStep: 5.118s
[h3:block] < SequentialPipelineBlocks: 1817.862s
[h3] wrote 124 frames to /root/src/h3/out/t2va_h3_bc680ca43f_frames
[h3] WARNING: ffmpeg not found; leaving raw frames + wav unmuxed
[h3] timings: {"generate": 1817.86, "export": 18.71, "mux": 0.0}
