launch_h3.sh: GC plugin missing in /usr/lib/habanatools/habana_plugins; using /opt/habanalabs/habana_plugins
[h3] CP: seq 15911 padded by 1 text rows to 15912 (divisible by 2)
[h3] plan: {
  "workflow": "t2va",
  "bucket_res": "r480",
  "canvas": [
    864,
    480
  ],
  "duration_frames": 124,
  "T_lat": 37,
  "audio_latents": 207,
  "rows_per_frame": 405,
  "fl2va_extra_rows": 0,
  "text_budget": 513,
  "expected_packed_seq": 15912,
  "steps": 2,
  "seed": 42,
  "device_map": {
    "te": "cpu",
    "dit": "hpu",
    "vae": "hpu",
    "audio": "hpu"
  },
  "cp": 2,
  "cp_seq_base": 15911,
  "cp_seq_pad": 1
}
[h3:r0]] workdir: /root/src/h3/hpu_port/workdir/t2va
Loading weights:   0%|          | 0/1058 [00:00<?, ?it/s][h3:r1]] workdir: /root/src/h3/hpu_port/workdir/t2va
Loading weights:   0%|          | 0/1058 [00:00<?, ?it/s]Loading weights:  36%|███▌      | 381/1058 [00:00<00:00, 3804.50it/s]Loading weights:  36%|███▌      | 382/1058 [00:00<00:00, 3781.93it/s]Loading weights:  72%|███████▏  | 761/1058 [00:00<00:00, 3152.96it/s]Loading weights:  72%|███████▏  | 762/1058 [00:00<00:00, 3112.57it/s]Loading weights: 100%|██████████| 1058/1058 [00:00<00:00, 2973.04it/s]
Loading weights: 100%|██████████| 1058/1058 [00:00<00:00, 2957.74it/s]
Loading checkpoint shards:   0%|          | 0/14 [00:00<?, ?it/s]Loading checkpoint shards:  29%|██▊       | 4/14 [00:00<00:00, 36.94it/s]Loading checkpoint shards:  57%|█████▋    | 8/14 [00:00<00:00, 35.64it/s]Loading checkpoint shards: 100%|██████████| 14/14 [00:00<00:00, 45.34it/s]Loading checkpoint shards: 100%|██████████| 14/14 [00:00<00:00, 42.78it/s]
Loading checkpoint shards:   0%|          | 0/3 [00:00<?, ?it/s]Loading checkpoint shards:  67%|██████▋   | 2/3 [00:00<00:00, 13.54it/s]Loading checkpoint shards: 100%|██████████| 3/3 [00:00<00:00, 18.98it/s]
/root/src/h3/.venv/lib/python3.12/site-packages/torch/nn/utils/weight_norm.py:144: FutureWarning: `torch.nn.utils.weight_norm` is deprecated in favor of `torch.nn.utils.parametrizations.weight_norm`.
  WeightNorm.apply(module, name, dim)
/root/src/h3/.venv/lib/python3.12/site-packages/torch/nn/utils/weight_norm.py:144: FutureWarning: `torch.nn.utils.weight_norm` is deprecated in favor of `torch.nn.utils.parametrizations.weight_norm`.
  WeightNorm.apply(module, name, dim)
============================= HPU PT BRIDGE CONFIGURATION ON RANK = 0 ============= 
 PT_HPU_LAZY_MODE = 1
 PT_HPU_RECIPE_CACHE_CONFIG = /root/src/h3/hpu_port/.recipe_cache_rank0,false,8192,false
 PT_HPU_MAX_COMPOUND_OP_SIZE = 9223372036854775807
 PT_HPU_LAZY_ACC_PAR_MODE = 1
 PT_HPU_ENABLE_REFINE_DYNAMIC_SHAPES = 0
 PT_HPU_EAGER_PIPELINE_ENABLE = 1
 PT_HPU_EAGER_COLLECTIVE_PIPELINE_ENABLE = 1
 PT_HPU_ENABLE_LAZY_COLLECTIVES = 0
---------------------------: System Configuration :---------------------------
Num CPU Cores : 128
CPU RAM       : 125 GB
------------------------------------------------------------------------------
Attention backends are an experimental feature and the API may be subject to change.
Attention backends are an experimental feature and the API may be subject to change.
`enable_parallelism` is an experimental feature. The API may change in the future and breaking changes may be introduced at any time without warning.
[h3:r0]] placed transformer on hpu
[h3:r0]] placed vae on hpu
[h3:r0]] placed audio_vae on hpu
[h3:r0]] CP device map: dit/vae/audio on hpu (replicated); te on cpu
[h3:r0]] attention backend: habana_fused_sdpa (DiT + video VAE)
[h3:r0]] rope cache installed on transformer.rope
[h3:r0]] CP: token refiner kept replicated (2 processors un-stamped; refiner runs pre-packing on the full text run)
[h3:r0]] context parallelism ON: ulysses=2 backend=hccl mesh=DeviceMesh((ring=1, ulysses=2), 'hpu', stride=(2, 1)) (seq sharded inside diffusers via the model's _cp_plan)
[h3:r0]] CP: HPU graphs default OFF under CP (collectives inside graph capture are untested; H3_CP_GRAPHS=1 to force)
[h3:r0]] graphs OFF: eager lazy mode with post-call mark_step
[h3:r0]] per-block mark_step installed on 52 blocks
[h3:r1]] placed transformer on hpu
[h3:r1]] placed vae on hpu
[h3:r1]] placed audio_vae on hpu
[h3:r1]] CP device map: dit/vae/audio on hpu (replicated); te on cpu
[h3:r1]] attention backend: habana_fused_sdpa (DiT + video VAE)
[h3:r1]] rope cache installed on transformer.rope
[h3:r1]] CP: token refiner kept replicated (2 processors un-stamped; refiner runs pre-packing on the full text run)
[h3:r1]] context parallelism ON: ulysses=2 backend=hccl mesh=DeviceMesh((ring=1, ulysses=2), 'hpu', stride=(2, 1)) (seq sharded inside diffusers via the model's _cp_plan)
[h3:r1]] CP: HPU graphs default OFF under CP (collectives inside graph capture are untested; H3_CP_GRAPHS=1 to force)
[h3:r1]] graphs OFF: eager lazy mode with post-call mark_step
[h3:r1]] per-block mark_step installed on 52 blocks
Traceback (most recent call last):
  File "/root/src/h3/hpu_port/run_t2va.py", line 2000, in _cp_worker_entry
    _cp_worker_main(rank, payload)
  File "/root/src/h3/hpu_port/run_t2va.py", line 2032, in _cp_worker_main
    timings = run_pipeline(args, info, rank=rank, world_size=world, device_map=device_map)
              ^^^^^^^^^^^^^^^^^^^^^^^^^^^^^^^^^^^^^^^^^^^^^^^^^^^^^^^^^^^^^^^^^^^^^^^^^^^^
  File "/root/src/h3/hpu_port/run_t2va.py", line 2727, in run_pipeline
    fingerprint = f"te{te_layer}/{width}x{height}/{frames}/{args.workflow}"
                                  ^^^^^
NameError: name 'width' is not defined
Traceback (most recent call last):
  File "/root/src/h3/hpu_port/run_t2va.py", line 2000, in _cp_worker_entry
    _cp_worker_main(rank, payload)
  File "/root/src/h3/hpu_port/run_t2va.py", line 2032, in _cp_worker_main
    timings = run_pipeline(args, info, rank=rank, world_size=world, device_map=device_map)
              ^^^^^^^^^^^^^^^^^^^^^^^^^^^^^^^^^^^^^^^^^^^^^^^^^^^^^^^^^^^^^^^^^^^^^^^^^^^^
  File "/root/src/h3/hpu_port/run_t2va.py", line 2727, in run_pipeline
    fingerprint = f"te{te_layer}/{width}x{height}/{frames}/{args.workflow}"
                                  ^^^^^
NameError: name 'width' is not defined
[h3] CP timing merge: no per-rank timing files found
[h3] CP FAILED: ['h3-cp-rank0', 'h3-cp-rank1'] (exit codes {'h3-cp-rank0': 1, 'h3-cp-rank1': 1})
