launch_h3.sh: GC plugin missing in /usr/lib/habanatools/habana_plugins; using /opt/habanalabs/habana_plugins
[h3] plan: {
  "workflow": "t2va",
  "bucket_res": "r480",
  "canvas": [
    864,
    480
  ],
  "duration_frames": 124,
  "T_lat": 37,
  "audio_latents": 207,
  "rows_per_frame": 405,
  "fl2va_extra_rows": 0,
  "text_budget": 512,
  "expected_packed_seq": 15911,
  "steps": 2,
  "seed": 42,
  "device_map": {
    "te": "cpu",
    "dit": "hpu",
    "vae": "cpu",
    "audio": "cpu"
  }
}
[h3] workdir: /root/src/h3/hpu_port/workdir/t2va
Loading weights:   0%|          | 0/1058 [00:00<?, ?it/s]Loading weights:  31%|███▏      | 331/1058 [00:00<00:00, 3306.35it/s]Loading weights:  63%|██████▎   | 662/1058 [00:00<00:00, 3136.12it/s]Loading weights:  92%|█████████▏| 977/1058 [00:00<00:00, 3108.12it/s]Loading weights: 100%|██████████| 1058/1058 [00:00<00:00, 3130.92it/s]
Loading checkpoint shards:   0%|          | 0/14 [00:00<?, ?it/s]Loading checkpoint shards:  79%|███████▊  | 11/14 [00:00<00:00, 100.31it/s]Loading checkpoint shards: 100%|██████████| 14/14 [00:00<00:00, 100.50it/s]
Loading checkpoint shards:   0%|          | 0/3 [00:00<?, ?it/s]Loading checkpoint shards: 100%|██████████| 3/3 [00:00<00:00, 39.70it/s]
/root/src/h3/.venv/lib/python3.12/site-packages/torch/nn/utils/weight_norm.py:144: FutureWarning: `torch.nn.utils.weight_norm` is deprecated in favor of `torch.nn.utils.parametrizations.weight_norm`.
  WeightNorm.apply(module, name, dim)
============================= HPU PT BRIDGE CONFIGURATION ON RANK = 0 ============= 
 PT_HPU_LAZY_MODE = 1
 PT_HPU_RECIPE_CACHE_CONFIG = /root/src/h3/hpu_port/.recipe_cache,false,8192,false
 PT_HPU_MAX_COMPOUND_OP_SIZE = 9223372036854775807
 PT_HPU_LAZY_ACC_PAR_MODE = 1
 PT_HPU_ENABLE_REFINE_DYNAMIC_SHAPES = 0
 PT_HPU_EAGER_PIPELINE_ENABLE = 1
 PT_HPU_EAGER_COLLECTIVE_PIPELINE_ENABLE = 1
 PT_HPU_ENABLE_LAZY_COLLECTIVES = 0
---------------------------: System Configuration :---------------------------
Num CPU Cores : 128
CPU RAM       : 125 GB
------------------------------------------------------------------------------
Attention backends are an experimental feature and the API may be subject to change.
Attention backends are an experimental feature and the API may be subject to change.
[h3] placed transformer on hpu
[h3] attention backend: habana_fused_sdpa (DiT + video VAE)
[h3] rope cache installed on transformer.rope
[h3] DiT wrapped into HPU graphs (per-bucket static shapes)
[h3] graphs ON
[h3] block logging installed (12 block classes; H3_LOG_BLOCKS=0 to disable)
[h3] === serve request 1/3 ===
[h3:block] > SequentialPipelineBlocks
  [h3:block] > MiniMaxH3TextEncoderStep
[h3] embed cache hit: /root/src/h3/hpu_port/.ecache/0be639c56afc729bbdfd0553cfcdb827514604c2bc47bd7cba02687153a0c4ff.pt
  [h3:block] < MiniMaxH3TextEncoderStep: 0.010s
  [h3:block] > MiniMaxH3NoKeyframeAnchorsStep
  [h3:block] < MiniMaxH3NoKeyframeAnchorsStep: 0.000s
  [h3:block] > MiniMaxH3PrepareLayoutStep
  [h3:block] < MiniMaxH3PrepareLayoutStep: 0.003s
  [h3:block] > MiniMaxH3PrepareLatentsStep
  [h3:block] < MiniMaxH3PrepareLatentsStep: 0.013s
  [h3:block] > MiniMaxH3SetTimestepsStep
  [h3:block] < MiniMaxH3SetTimestepsStep: 0.002s
  [h3:block] > MiniMaxH3DenoiseStep
  0%|          | 0/1 [00:00<?, ?it/s]    [h3:block] > MiniMaxH3LoopDenoiser i=0 t=0.0000
[W912 05:25:34.330095743 hpu_lazy_tensors.cpp:1293] Warning: The following operations used in HPU graphs might result in accuracy issues : index_select. (function WarnIfOpsIncompatibleWithHPUGraphs)
    [h3:block] < MiniMaxH3LoopDenoiser i=0 t=0.0000: 0.612s
    [h3:block] > MiniMaxH3LoopSchedulerStep i=0 t=0.0000
    [h3:block] < MiniMaxH3LoopSchedulerStep i=0 t=0.0000: 0.003s
100%|██████████| 1/1 [00:00<00:00,  1.63it/s]100%|██████████| 1/1 [00:00<00:00,  1.63it/s]
  [h3:block] < MiniMaxH3DenoiseStep: 0.616s
  [h3:block] > MiniMaxH3AfterDenoiseStep
  [h3:block] < MiniMaxH3AfterDenoiseStep: 0.001s
  [h3:block] > _H3VideoDecodeStep
[h3] denoise complete: device synced at decode entry (6.21s)
[h3] serve mode: DiT kept resident for the next request
[h3] decode subprocess card: HABANA_VISIBLE_DEVICES=1
[h3] decode subprocess: hpu eager decode via --blob
  [h3:block] < _H3VideoDecodeStep: 91.200s
  [h3:block] > _H3AudioDecodeStep
  [h3:block] < _H3AudioDecodeStep: 0.000s
[h3:block] < SequentialPipelineBlocks: 91.846s
[h3] pipeline complete: device synced before export (0.00s)
[h3] wrote 124 frames to /root/src/h3/out/t2va_h3_12f5f651e8_req0_frames
[h3] audio adopted from decode subprocess: /root/src/h3/out/t2va_h3_12f5f651e8_req0.wav
[h3] mux: /usr/bin/ffmpeg -y -framerate 24 -i /root/src/h3/out/t2va_h3_12f5f651e8_req0_frames/frame_%06d.png -i /root/src/h3/out/t2va_h3_12f5f651e8_req0.wav -filter_complex [0:v]format=yuv420p[v];[1:a]aresample=48000[a] -map [v] -map [a] -c:v libx264 -preset slow -crf 17 -c:a aac -b:a 192k -movflags +faststart -shortest /root/src/h3/out/t2va_h3_12f5f651e8_req0.mp4
[h3] wrote /root/src/h3/out/t2va_h3_12f5f651e8_req0.mp4
[h3] timings: {"generate": 91.85, "export": 18.06, "mux": 1.6}
[h3] === serve request 2/3 ===
[h3:block] > SequentialPipelineBlocks
  [h3:block] > MiniMaxH3TextEncoderStep
[h3] embed cache hit: /root/src/h3/hpu_port/.ecache/0be639c56afc729bbdfd0553cfcdb827514604c2bc47bd7cba02687153a0c4ff.pt
  [h3:block] < MiniMaxH3TextEncoderStep: 0.011s
  [h3:block] > MiniMaxH3NoKeyframeAnchorsStep
  [h3:block] < MiniMaxH3NoKeyframeAnchorsStep: 0.000s
  [h3:block] > MiniMaxH3PrepareLayoutStep
  [h3:block] < MiniMaxH3PrepareLayoutStep: 0.005s
  [h3:block] > MiniMaxH3PrepareLatentsStep
  [h3:block] < MiniMaxH3PrepareLatentsStep: 0.017s
  [h3:block] > MiniMaxH3SetTimestepsStep
  [h3:block] < MiniMaxH3SetTimestepsStep: 0.002s
  [h3:block] > MiniMaxH3DenoiseStep
  0%|          | 0/1 [00:00<?, ?it/s]    [h3:block] > MiniMaxH3LoopDenoiser i=0 t=0.0000
    [h3:block] < MiniMaxH3LoopDenoiser i=0 t=0.0000: 0.025s
    [h3:block] > MiniMaxH3LoopSchedulerStep i=0 t=0.0000
    [h3:block] < MiniMaxH3LoopSchedulerStep i=0 t=0.0000: 0.006s
100%|██████████| 1/1 [00:00<00:00, 31.88it/s]
  [h3:block] < MiniMaxH3DenoiseStep: 0.033s
  [h3:block] > MiniMaxH3AfterDenoiseStep
  [h3:block] < MiniMaxH3AfterDenoiseStep: 0.001s
  [h3:block] > _H3VideoDecodeStep
[h3] denoise complete: device synced at decode entry (6.22s)
[h3] serve mode: DiT kept resident for the next request
[h3] decode subprocess card: HABANA_VISIBLE_DEVICES=1
[h3] decode subprocess: hpu eager decode via --blob
  [h3:block] < _H3VideoDecodeStep: 86.432s
  [h3:block] > _H3AudioDecodeStep
  [h3:block] < _H3AudioDecodeStep: 0.000s
[h3:block] < SequentialPipelineBlocks: 86.501s
[h3] pipeline complete: device synced before export (0.00s)
[h3] wrote 124 frames to /root/src/h3/out/t2va_h3_12f5f651e8_req1_frames
[h3] audio adopted from decode subprocess: /root/src/h3/out/t2va_h3_12f5f651e8_req1.wav
[h3] mux: /usr/bin/ffmpeg -y -framerate 24 -i /root/src/h3/out/t2va_h3_12f5f651e8_req1_frames/frame_%06d.png -i /root/src/h3/out/t2va_h3_12f5f651e8_req1.wav -filter_complex [0:v]format=yuv420p[v];[1:a]aresample=48000[a] -map [v] -map [a] -c:v libx264 -preset slow -crf 17 -c:a aac -b:a 192k -movflags +faststart -shortest /root/src/h3/out/t2va_h3_12f5f651e8_req1.mp4
[h3] wrote /root/src/h3/out/t2va_h3_12f5f651e8_req1.mp4
[h3] timings: {"generate": 86.5, "export": 18.02, "mux": 1.68}
[h3] === serve request 3/3 ===
[h3:block] > SequentialPipelineBlocks
  [h3:block] > MiniMaxH3TextEncoderStep
[h3] embed cache hit: /root/src/h3/hpu_port/.ecache/0be639c56afc729bbdfd0553cfcdb827514604c2bc47bd7cba02687153a0c4ff.pt
  [h3:block] < MiniMaxH3TextEncoderStep: 0.010s
  [h3:block] > MiniMaxH3NoKeyframeAnchorsStep
  [h3:block] < MiniMaxH3NoKeyframeAnchorsStep: 0.000s
  [h3:block] > MiniMaxH3PrepareLayoutStep
  [h3:block] < MiniMaxH3PrepareLayoutStep: 0.005s
  [h3:block] > MiniMaxH3PrepareLatentsStep
  [h3:block] < MiniMaxH3PrepareLatentsStep: 0.020s
  [h3:block] > MiniMaxH3SetTimestepsStep
  [h3:block] < MiniMaxH3SetTimestepsStep: 0.002s
  [h3:block] > MiniMaxH3DenoiseStep
  0%|          | 0/1 [00:00<?, ?it/s]    [h3:block] > MiniMaxH3LoopDenoiser i=0 t=0.0000
    [h3:block] < MiniMaxH3LoopDenoiser i=0 t=0.0000: 0.011s
    [h3:block] > MiniMaxH3LoopSchedulerStep i=0 t=0.0000
    [h3:block] < MiniMaxH3LoopSchedulerStep i=0 t=0.0000: 0.005s
100%|██████████| 1/1 [00:00<00:00, 58.79it/s]
  [h3:block] < MiniMaxH3DenoiseStep: 0.018s
  [h3:block] > MiniMaxH3AfterDenoiseStep
  [h3:block] < MiniMaxH3AfterDenoiseStep: 0.001s
  [h3:block] > _H3VideoDecodeStep
[h3] denoise complete: device synced at decode entry (6.22s)
ModularPipeline.update_components: setting transformer to None (spec unchanged)
[h3] DiT freed from HPU before decode: mem_get_info free 14.5 -> 14.5 GiB of 94.6 (accounting lags; release verified functional)
[h3] decode subprocess card: HABANA_VISIBLE_DEVICES=1
[h3] decode subprocess: hpu eager decode via --blob
  [h3:block] < _H3VideoDecodeStep: 85.510s
  [h3:block] > _H3AudioDecodeStep
  [h3:block] < _H3AudioDecodeStep: 0.000s
[h3:block] < SequentialPipelineBlocks: 85.568s
[h3] pipeline complete: device synced before export (0.00s)
[h3] wrote 124 frames to /root/src/h3/out/t2va_h3_12f5f651e8_req2_frames
[h3] audio adopted from decode subprocess: /root/src/h3/out/t2va_h3_12f5f651e8_req2.wav
[h3] mux: /usr/bin/ffmpeg -y -framerate 24 -i /root/src/h3/out/t2va_h3_12f5f651e8_req2_frames/frame_%06d.png -i /root/src/h3/out/t2va_h3_12f5f651e8_req2.wav -filter_complex [0:v]format=yuv420p[v];[1:a]aresample=48000[a] -map [v] -map [a] -c:v libx264 -preset slow -crf 17 -c:a aac -b:a 192k -movflags +faststart -shortest /root/src/h3/out/t2va_h3_12f5f651e8_req2.mp4
[h3] wrote /root/src/h3/out/t2va_h3_12f5f651e8_req2.mp4
[h3] timings: {"generate": 85.57, "export": 18.14, "mux": 1.67}
