launch_h3.sh: GC plugin missing in /usr/lib/habanatools/habana_plugins; using /opt/habanalabs/habana_plugins
[h3] plan: {
  "workflow": "t2va",
  "bucket_res": "r480",
  "canvas": [
    864,
    480
  ],
  "duration_frames": 124,
  "T_lat": 37,
  "audio_latents": 207,
  "rows_per_frame": 405,
  "fl2va_extra_rows": 0,
  "text_budget": 512,
  "expected_packed_seq": 15911,
  "steps": 2,
  "seed": 42,
  "device_map": {
    "te": "cpu",
    "dit": "hpu",
    "vae": "hpu",
    "audio": "hpu"
  }
}
[h3] workdir: /root/src/h3/hpu_port/workdir/t2va
Loading weights:   0%|          | 0/1058 [00:00<?, ?it/s]Loading weights:  34%|███▍      | 361/1058 [00:00<00:00, 3604.32it/s]Loading weights:  68%|██████▊   | 722/1058 [00:00<00:00, 3128.61it/s]Loading weights:  98%|█████████▊| 1039/1058 [00:00<00:00, 3117.84it/s]Loading weights: 100%|██████████| 1058/1058 [00:00<00:00, 3167.88it/s]
Loading checkpoint shards:   0%|          | 0/14 [00:00<?, ?it/s]Loading checkpoint shards:  71%|███████▏  | 10/14 [00:00<00:00, 90.98it/s]Loading checkpoint shards: 100%|██████████| 14/14 [00:00<00:00, 91.45it/s]
Loading checkpoint shards:   0%|          | 0/3 [00:00<?, ?it/s]Loading checkpoint shards: 100%|██████████| 3/3 [00:00<00:00, 35.03it/s]
/root/src/h3/.venv/lib/python3.12/site-packages/torch/nn/utils/weight_norm.py:144: FutureWarning: `torch.nn.utils.weight_norm` is deprecated in favor of `torch.nn.utils.parametrizations.weight_norm`.
  WeightNorm.apply(module, name, dim)
============================= HPU PT BRIDGE CONFIGURATION ON RANK = 0 ============= 
 PT_HPU_LAZY_MODE = 1
 PT_HPU_RECIPE_CACHE_CONFIG = /root/src/h3/hpu_port/.recipe_cache,false,8192,false
 PT_HPU_MAX_COMPOUND_OP_SIZE = 9223372036854775807
 PT_HPU_LAZY_ACC_PAR_MODE = 1
 PT_HPU_ENABLE_REFINE_DYNAMIC_SHAPES = 0
 PT_HPU_EAGER_PIPELINE_ENABLE = 1
 PT_HPU_EAGER_COLLECTIVE_PIPELINE_ENABLE = 1
 PT_HPU_ENABLE_LAZY_COLLECTIVES = 0
---------------------------: System Configuration :---------------------------
Num CPU Cores : 128
CPU RAM       : 125 GB
------------------------------------------------------------------------------
Attention backends are an experimental feature and the API may be subject to change.
Attention backends are an experimental feature and the API may be subject to change.
[h3] placed transformer on hpu
[h3] placed vae on hpu
[h3] placed audio_vae on hpu
[h3] attention backend: habana_fused_sdpa (DiT + video VAE)
[h3] rope cache installed on transformer.rope
[h3] graphs OFF: eager lazy mode with post-call mark_step
[h3] per-block mark_step installed on 52 blocks
[h3] block logging installed (12 block classes; H3_LOG_BLOCKS=0 to disable)
[h3:block] > SequentialPipelineBlocks
  [h3:block] > MiniMaxH3TextEncoderStep
[h3] embed cache hit: /root/src/h3/hpu_port/.ecache/0be639c56afc729bbdfd0553cfcdb827514604c2bc47bd7cba02687153a0c4ff.pt
  [h3:block] < MiniMaxH3TextEncoderStep: 0.009s
  [h3:block] > MiniMaxH3NoKeyframeAnchorsStep
  [h3:block] < MiniMaxH3NoKeyframeAnchorsStep: 0.000s
  [h3:block] > MiniMaxH3PrepareLayoutStep
  [h3:block] < MiniMaxH3PrepareLayoutStep: 0.003s
  [h3:block] > MiniMaxH3PrepareLatentsStep
  [h3:block] < MiniMaxH3PrepareLatentsStep: 0.013s
  [h3:block] > MiniMaxH3SetTimestepsStep
  [h3:block] < MiniMaxH3SetTimestepsStep: 0.002s
  [h3:block] > MiniMaxH3DenoiseStep
  0%|          | 0/1 [00:00<?, ?it/s]    [h3:block] > MiniMaxH3LoopDenoiser i=0 t=0.0000
    [h3:block] ! MiniMaxH3LoopDenoiser i=0 t=0.0000: FAILED after 0.279s: RuntimeError: Graph compile failed. Recipe: .graph_dumps/HabanaFusedOpLazy_0_1, synStatus=synStatus 26 [Generic failure]. 
Last synapse error: file: recipe_manager.cpp:304 function: compileGraph, scope: SYN_RECIPE, failed condition: (ret == false), message: Can not compile graph. Recipe name .graph_dumps/HabanaFusedOpLazy_0_1, graph name: .graph_dumps/HabanaFusedOpLazy_0_1

Error in block: (denoiser, MiniMaxH3LoopDenoiser)
Error details: Graph compile failed. Recipe: .graph_dumps/HabanaFusedOpLazy_0_1, synStatus=synStatus 26 [Generic failure]. 
Last synapse error: file: recipe_manager.cpp:304 function: compileGraph, scope: SYN_RECIPE, failed condition: (ret == false), message: Can not compile graph. Recipe name .graph_dumps/HabanaFusedOpLazy_0_1, graph name: .graph_dumps/HabanaFusedOpLazy_0_1
Traceback:
Traceback (most recent call last):
  File "/root/src/h3/.venv/lib/python3.12/site-packages/diffusers/modular_pipelines/modular_pipeline.py", line 1515, in loop_step
    components, state = block(components, state, **kwargs)
                        ^^^^^^^^^^^^^^^^^^^^^^^^^^^^^^^^^^
  File "/root/src/h3/hpu_port/run_t2va.py", line 1182, in logged
    out = orig(self, *args, **kwargs)
          ^^^^^^^^^^^^^^^^^^^^^^^^^^^
  File "/root/src/h3/.venv/lib/python3.12/site-packages/torch/utils/_contextlib.py", line 124, in decorate_context
    return func(*args, **kwargs)
           ^^^^^^^^^^^^^^^^^^^^^
  File "/root/src/h3/.venv/lib/python3.12/site-packages/diffusers/modular_pipelines/minimax_h3/denoise.py", line 121, in __call__
    block_state.noise_pred, block_state.audio_noise_pred = transformer(
                                                           ^^^^^^^^^^^^
  File "/root/src/h3/.venv/lib/python3.12/site-packages/torch/nn/modules/module.py", line 1779, in _wrapped_call_impl
    return self._call_impl(*args, **kwargs)
           ^^^^^^^^^^^^^^^^^^^^^^^^^^^^^^^^
  File "/root/src/h3/.venv/lib/python3.12/site-packages/torch/nn/modules/module.py", line 1790, in _call_impl
    return forward_call(*args, **kwargs)
           ^^^^^^^^^^^^^^^^^^^^^^^^^^^^^
  File "/root/src/h3/hpu_port/run_t2va.py", line 1440, in wrapped
    out = orig(*args, **kwargs)
          ^^^^^^^^^^^^^^^^^^^^^
  File "/root/src/h3/.venv/lib/python3.12/site-packages/diffusers/utils/peft_utils.py", line 323, in wrapper
    result = forward_fn(self, *args, **kwargs)
             ^^^^^^^^^^^^^^^^^^^^^^^^^^^^^^^^^
  File "/root/src/h3/.venv/lib/python3.12/site-packages/diffusers/models/transformers/transformer_minimax_h3.py", line 653, in forward
    hidden_states = block(hidden_states, temb, adaln_indices, rotary_emb)
                    ^^^^^^^^^^^^^^^^^^^^^^^^^^^^^^^^^^^^^^^^^^^^^^^^^^^^^
  File "/root/src/h3/.venv/lib/python3.12/site-packages/torch/nn/modules/module.py", line 1779, in _wrapped_call_impl
    return self._call_impl(*args, **kwargs)
           ^^^^^^^^^^^^^^^^^^^^^^^^^^^^^^^^
  File "/root/src/h3/.venv/lib/python3.12/site-packages/torch/nn/modules/module.py", line 1885, in _call_impl
    return inner()
           ^^^^^^^
  File "/root/src/h3/.venv/lib/python3.12/site-packages/torch/nn/modules/module.py", line 1846, in inner
    hook_result = hook(self, args, result)
                  ^^^^^^^^^^^^^^^^^^^^^^^^
  File "/root/src/h3/hpu_port/run_t2va.py", line 980, in hook
    htcore.mark_step()
  File "/root/src/h3/.venv/lib/python3.12/site-packages/habana_frameworks/torch/utils/internal.py", line 34, in lazy_wrapper
    func(*args, **kwargs)
  File "/root/src/h3/.venv/lib/python3.12/site-packages/habana_frameworks/torch/core/step_closure.py", line 68, in mark_step
    htcore._mark_step(device_str, sync)
RuntimeError: Graph compile failed. Recipe: .graph_dumps/HabanaFusedOpLazy_0_1, synStatus=synStatus 26 [Generic failure]. 
Last synapse error: file: recipe_manager.cpp:304 function: compileGraph, scope: SYN_RECIPE, failed condition: (ret == false), message: Can not compile graph. Recipe name .graph_dumps/HabanaFusedOpLazy_0_1, graph name: .graph_dumps/HabanaFusedOpLazy_0_1

  0%|          | 0/1 [00:00<?, ?it/s]
  [h3:block] ! MiniMaxH3DenoiseStep: FAILED after 0.287s: RuntimeError: Graph compile failed. Recipe: .graph_dumps/HabanaFusedOpLazy_0_1, synStatus=synStatus 26 [Generic failure]. 
Last synapse error: file: recipe_manager.cpp:304 function: compileGraph, scope: SYN_RECIPE, failed condition: (ret == false), message: Can not compile graph. Recipe name .graph_dumps/HabanaFusedOpLazy_0_1, graph name: .graph_dumps/HabanaFusedOpLazy_0_1

Error in block: (denoise.denoise, MiniMaxH3DenoiseStep)
Error details: Graph compile failed. Recipe: .graph_dumps/HabanaFusedOpLazy_0_1, synStatus=synStatus 26 [Generic failure]. 
Last synapse error: file: recipe_manager.cpp:304 function: compileGraph, scope: SYN_RECIPE, failed condition: (ret == false), message: Can not compile graph. Recipe name .graph_dumps/HabanaFusedOpLazy_0_1, graph name: .graph_dumps/HabanaFusedOpLazy_0_1
Traceback:
Traceback (most recent call last):
  File "/root/src/h3/.venv/lib/python3.12/site-packages/diffusers/modular_pipelines/modular_pipeline.py", line 1145, in __call__
    pipeline, state = block(pipeline, state)
                      ^^^^^^^^^^^^^^^^^^^^^^
  File "/root/src/h3/hpu_port/run_t2va.py", line 1182, in logged
    out = orig(self, *args, **kwargs)
          ^^^^^^^^^^^^^^^^^^^^^^^^^^^
  File "/root/src/h3/.venv/lib/python3.12/site-packages/torch/utils/_contextlib.py", line 124, in decorate_context
    return func(*args, **kwargs)
           ^^^^^^^^^^^^^^^^^^^^^
  File "/root/src/h3/.venv/lib/python3.12/site-packages/diffusers/modular_pipelines/minimax_h3/denoise.py", line 265, in __call__
    components, block_state = self.loop_step(components, block_state, i=i, t=t)
                              ^^^^^^^^^^^^^^^^^^^^^^^^^^^^^^^^^^^^^^^^^^^^^^^^^
  File "/root/src/h3/.venv/lib/python3.12/site-packages/diffusers/modular_pipelines/modular_pipeline.py", line 1515, in loop_step
    components, state = block(components, state, **kwargs)
                        ^^^^^^^^^^^^^^^^^^^^^^^^^^^^^^^^^^
  File "/root/src/h3/hpu_port/run_t2va.py", line 1182, in logged
    out = orig(self, *args, **kwargs)
          ^^^^^^^^^^^^^^^^^^^^^^^^^^^
  File "/root/src/h3/.venv/lib/python3.12/site-packages/torch/utils/_contextlib.py", line 124, in decorate_context
    return func(*args, **kwargs)
           ^^^^^^^^^^^^^^^^^^^^^
  File "/root/src/h3/.venv/lib/python3.12/site-packages/diffusers/modular_pipelines/minimax_h3/denoise.py", line 121, in __call__
    block_state.noise_pred, block_state.audio_noise_pred = transformer(
                                                           ^^^^^^^^^^^^
  File "/root/src/h3/.venv/lib/python3.12/site-packages/torch/nn/modules/module.py", line 1779, in _wrapped_call_impl
    return self._call_impl(*args, **kwargs)
           ^^^^^^^^^^^^^^^^^^^^^^^^^^^^^^^^
  File "/root/src/h3/.venv/lib/python3.12/site-packages/torch/nn/modules/module.py", line 1790, in _call_impl
    return forward_call(*args, **kwargs)
           ^^^^^^^^^^^^^^^^^^^^^^^^^^^^^
  File "/root/src/h3/hpu_port/run_t2va.py", line 1440, in wrapped
    out = orig(*args, **kwargs)
          ^^^^^^^^^^^^^^^^^^^^^
  File "/root/src/h3/.venv/lib/python3.12/site-packages/diffusers/utils/peft_utils.py", line 323, in wrapper
    result = forward_fn(self, *args, **kwargs)
             ^^^^^^^^^^^^^^^^^^^^^^^^^^^^^^^^^
  File "/root/src/h3/.venv/lib/python3.12/site-packages/diffusers/models/transformers/transformer_minimax_h3.py", line 653, in forward
    hidden_states = block(hidden_states, temb, adaln_indices, rotary_emb)
                    ^^^^^^^^^^^^^^^^^^^^^^^^^^^^^^^^^^^^^^^^^^^^^^^^^^^^^
  File "/root/src/h3/.venv/lib/python3.12/site-packages/torch/nn/modules/module.py", line 1779, in _wrapped_call_impl
    return self._call_impl(*args, **kwargs)
           ^^^^^^^^^^^^^^^^^^^^^^^^^^^^^^^^
  File "/root/src/h3/.venv/lib/python3.12/site-packages/torch/nn/modules/module.py", line 1885, in _call_impl
    return inner()
           ^^^^^^^
  File "/root/src/h3/.venv/lib/python3.12/site-packages/torch/nn/modules/module.py", line 1846, in inner
    hook_result = hook(self, args, result)
                  ^^^^^^^^^^^^^^^^^^^^^^^^
  File "/root/src/h3/hpu_port/run_t2va.py", line 980, in hook
    htcore.mark_step()
  File "/root/src/h3/.venv/lib/python3.12/site-packages/habana_frameworks/torch/utils/internal.py", line 34, in lazy_wrapper
    func(*args, **kwargs)
  File "/root/src/h3/.venv/lib/python3.12/site-packages/habana_frameworks/torch/core/step_closure.py", line 68, in mark_step
    htcore._mark_step(device_str, sync)
RuntimeError: Graph compile failed. Recipe: .graph_dumps/HabanaFusedOpLazy_0_1, synStatus=synStatus 26 [Generic failure]. 
Last synapse error: file: recipe_manager.cpp:304 function: compileGraph, scope: SYN_RECIPE, failed condition: (ret == false), message: Can not compile graph. Recipe name .graph_dumps/HabanaFusedOpLazy_0_1, graph name: .graph_dumps/HabanaFusedOpLazy_0_1

[h3:block] ! SequentialPipelineBlocks: FAILED after 0.317s: RuntimeError: Graph compile failed. Recipe: .graph_dumps/HabanaFusedOpLazy_0_1, synStatus=synStatus 26 [Generic failure]. 
Last synapse error: file: recipe_manager.cpp:304 function: compileGraph, scope: SYN_RECIPE, failed condition: (ret == false), message: Can not compile graph. Recipe name .graph_dumps/HabanaFusedOpLazy_0_1, graph name: .graph_dumps/HabanaFusedOpLazy_0_1
Error in block: (SequentialPipelineBlocks):

Traceback (most recent call last):
  File "/root/src/h3/hpu_port/run_t2va.py", line 2105, in <module>
    sys.exit(main())
             ^^^^^^
  File "/root/src/h3/hpu_port/run_t2va.py", line 2059, in main
    state = pipe(**{**kwargs, "num_inference_steps": run_steps})
            ^^^^^^^^^^^^^^^^^^^^^^^^^^^^^^^^^^^^^^^^^^^^^^^^^^^^
  File "/root/src/h3/.venv/lib/python3.12/site-packages/diffusers/modular_pipelines/modular_pipeline.py", line 2927, in __call__
    _, state = self._blocks(self, state)
               ^^^^^^^^^^^^^^^^^^^^^^^^^
  File "/root/src/h3/hpu_port/run_t2va.py", line 1182, in logged
    out = orig(self, *args, **kwargs)
          ^^^^^^^^^^^^^^^^^^^^^^^^^^^
  File "/root/src/h3/.venv/lib/python3.12/site-packages/torch/utils/_contextlib.py", line 124, in decorate_context
    return func(*args, **kwargs)
           ^^^^^^^^^^^^^^^^^^^^^
  File "/root/src/h3/.venv/lib/python3.12/site-packages/diffusers/modular_pipelines/modular_pipeline.py", line 1145, in __call__
    pipeline, state = block(pipeline, state)
                      ^^^^^^^^^^^^^^^^^^^^^^
  File "/root/src/h3/hpu_port/run_t2va.py", line 1182, in logged
    out = orig(self, *args, **kwargs)
          ^^^^^^^^^^^^^^^^^^^^^^^^^^^
  File "/root/src/h3/.venv/lib/python3.12/site-packages/torch/utils/_contextlib.py", line 124, in decorate_context
    return func(*args, **kwargs)
           ^^^^^^^^^^^^^^^^^^^^^
  File "/root/src/h3/.venv/lib/python3.12/site-packages/diffusers/modular_pipelines/minimax_h3/denoise.py", line 265, in __call__
    components, block_state = self.loop_step(components, block_state, i=i, t=t)
                              ^^^^^^^^^^^^^^^^^^^^^^^^^^^^^^^^^^^^^^^^^^^^^^^^^
  File "/root/src/h3/.venv/lib/python3.12/site-packages/diffusers/modular_pipelines/modular_pipeline.py", line 1515, in loop_step
    components, state = block(components, state, **kwargs)
                        ^^^^^^^^^^^^^^^^^^^^^^^^^^^^^^^^^^
  File "/root/src/h3/hpu_port/run_t2va.py", line 1182, in logged
    out = orig(self, *args, **kwargs)
          ^^^^^^^^^^^^^^^^^^^^^^^^^^^
  File "/root/src/h3/.venv/lib/python3.12/site-packages/torch/utils/_contextlib.py", line 124, in decorate_context
    return func(*args, **kwargs)
           ^^^^^^^^^^^^^^^^^^^^^
  File "/root/src/h3/.venv/lib/python3.12/site-packages/diffusers/modular_pipelines/minimax_h3/denoise.py", line 121, in __call__
    block_state.noise_pred, block_state.audio_noise_pred = transformer(
                                                           ^^^^^^^^^^^^
  File "/root/src/h3/.venv/lib/python3.12/site-packages/torch/nn/modules/module.py", line 1779, in _wrapped_call_impl
    return self._call_impl(*args, **kwargs)
           ^^^^^^^^^^^^^^^^^^^^^^^^^^^^^^^^
  File "/root/src/h3/.venv/lib/python3.12/site-packages/torch/nn/modules/module.py", line 1790, in _call_impl
    return forward_call(*args, **kwargs)
           ^^^^^^^^^^^^^^^^^^^^^^^^^^^^^
  File "/root/src/h3/hpu_port/run_t2va.py", line 1440, in wrapped
    out = orig(*args, **kwargs)
          ^^^^^^^^^^^^^^^^^^^^^
  File "/root/src/h3/.venv/lib/python3.12/site-packages/diffusers/utils/peft_utils.py", line 323, in wrapper
    result = forward_fn(self, *args, **kwargs)
             ^^^^^^^^^^^^^^^^^^^^^^^^^^^^^^^^^
  File "/root/src/h3/.venv/lib/python3.12/site-packages/diffusers/models/transformers/transformer_minimax_h3.py", line 653, in forward
    hidden_states = block(hidden_states, temb, adaln_indices, rotary_emb)
                    ^^^^^^^^^^^^^^^^^^^^^^^^^^^^^^^^^^^^^^^^^^^^^^^^^^^^^
  File "/root/src/h3/.venv/lib/python3.12/site-packages/torch/nn/modules/module.py", line 1779, in _wrapped_call_impl
    return self._call_impl(*args, **kwargs)
           ^^^^^^^^^^^^^^^^^^^^^^^^^^^^^^^^
  File "/root/src/h3/.venv/lib/python3.12/site-packages/torch/nn/modules/module.py", line 1885, in _call_impl
    return inner()
           ^^^^^^^
  File "/root/src/h3/.venv/lib/python3.12/site-packages/torch/nn/modules/module.py", line 1846, in inner
    hook_result = hook(self, args, result)
                  ^^^^^^^^^^^^^^^^^^^^^^^^
  File "/root/src/h3/hpu_port/run_t2va.py", line 980, in hook
    htcore.mark_step()
  File "/root/src/h3/.venv/lib/python3.12/site-packages/habana_frameworks/torch/utils/internal.py", line 34, in lazy_wrapper
    func(*args, **kwargs)
  File "/root/src/h3/.venv/lib/python3.12/site-packages/habana_frameworks/torch/core/step_closure.py", line 68, in mark_step
    htcore._mark_step(device_str, sync)
RuntimeError: Graph compile failed. Recipe: .graph_dumps/HabanaFusedOpLazy_0_1, synStatus=synStatus 26 [Generic failure]. 
Last synapse error: file: recipe_manager.cpp:304 function: compileGraph, scope: SYN_RECIPE, failed condition: (ret == false), message: Can not compile graph. Recipe name .graph_dumps/HabanaFusedOpLazy_0_1, graph name: .graph_dumps/HabanaFusedOpLazy_0_1
