launch_h3.sh: GC plugin missing in /usr/lib/habanatools/habana_plugins; using /opt/habanalabs/habana_plugins
[h3] plan: {
  "workflow": "fl2va",
  "bucket_res": "r480",
  "canvas": [
    864,
    480
  ],
  "duration_frames": 124,
  "T_lat": 37,
  "audio_latents": 207,
  "rows_per_frame": 405,
  "fl2va_extra_rows": 826,
  "text_budget": 512,
  "expected_packed_seq": 16737,
  "steps": 2,
  "seed": 42,
  "device_map": {
    "te": "cpu",
    "dit": "hpu",
    "vae": "hpu",
    "audio": "hpu"
  }
}
[h3] workdir: /root/src/h3/hpu_port/workdir/fl2va
Loading weights:   0%|          | 0/1058 [00:00<?, ?it/s]Loading weights:  24%|██▍       | 255/1058 [00:00<00:00, 2548.33it/s]Loading weights:  50%|█████     | 533/1058 [00:00<00:00, 2682.90it/s]Loading weights:  76%|███████▌  | 802/1058 [00:00<00:00, 2511.34it/s]Loading weights: 100%|█████████▉| 1055/1058 [00:00<00:00, 2154.68it/s]Loading weights: 100%|██████████| 1058/1058 [00:00<00:00, 2294.72it/s]
Loading checkpoint shards:   0%|          | 0/14 [00:00<?, ?it/s]Loading checkpoint shards:  21%|██▏       | 3/14 [00:00<00:00, 28.30it/s]Loading checkpoint shards:  43%|████▎     | 6/14 [00:00<00:00, 27.46it/s]Loading checkpoint shards:  64%|██████▍   | 9/14 [00:00<00:00, 27.50it/s]Loading checkpoint shards:  86%|████████▌ | 12/14 [00:00<00:00, 28.18it/s]Loading checkpoint shards: 100%|██████████| 14/14 [00:00<00:00, 28.20it/s]
Loading checkpoint shards:   0%|          | 0/3 [00:00<?, ?it/s]Loading checkpoint shards:  33%|███▎      | 1/3 [00:00<00:00,  8.07it/s]Loading checkpoint shards:  67%|██████▋   | 2/3 [00:00<00:00,  6.96it/s]Loading checkpoint shards: 100%|██████████| 3/3 [00:00<00:00, 10.12it/s]
/root/src/h3/.venv/lib/python3.12/site-packages/torch/nn/utils/weight_norm.py:144: FutureWarning: `torch.nn.utils.weight_norm` is deprecated in favor of `torch.nn.utils.parametrizations.weight_norm`.
  WeightNorm.apply(module, name, dim)
============================= HPU PT BRIDGE CONFIGURATION ON RANK = 0 ============= 
 PT_HPU_LAZY_MODE = 1
 PT_HPU_RECIPE_CACHE_CONFIG = /root/src/h3/hpu_port/.recipe_cache,false,8192,false
 PT_HPU_MAX_COMPOUND_OP_SIZE = 9223372036854775807
 PT_HPU_LAZY_ACC_PAR_MODE = 1
 PT_HPU_ENABLE_REFINE_DYNAMIC_SHAPES = 0
 PT_HPU_EAGER_PIPELINE_ENABLE = 1
 PT_HPU_EAGER_COLLECTIVE_PIPELINE_ENABLE = 1
 PT_HPU_ENABLE_LAZY_COLLECTIVES = 0
---------------------------: System Configuration :---------------------------
Num CPU Cores : 128
CPU RAM       : 125 GB
------------------------------------------------------------------------------
Attention backends are an experimental feature and the API may be subject to change.
Attention backends are an experimental feature and the API may be subject to change.
[h3] placed transformer on hpu
[h3] placed vae on hpu
[h3] placed audio_vae on hpu
[h3] attention backend: habana_fused_sdpa (DiT + video VAE)
[h3] rope cache installed on transformer.rope
[h3] DiT wrapped into HPU graphs (per-bucket static shapes)
[h3] graphs ON
[h3] per-block mark_step installed on 36 blocks
[h3] VAE decoder per-block mark_step installed on 36 blocks
[h3] block logging installed (15 block classes; H3_LOG_BLOCKS=0 to disable)
[h3:block] > SequentialPipelineBlocks
  [h3:block] > MiniMaxH3ResizeStep
  [h3:block] < MiniMaxH3ResizeStep: 0.000s
  [h3:block] > MiniMaxH3FL2VATextEncoderStep
  [h3:block] < MiniMaxH3FL2VATextEncoderStep: 136.130s
  [h3:block] > MiniMaxH3KeyframeVaeEncoderStep
  [h3:block] < MiniMaxH3KeyframeVaeEncoderStep: 34.987s
  [h3:block] > MiniMaxH3PrepareLayoutStep
  [h3:block] < MiniMaxH3PrepareLayoutStep: 0.014s
  [h3:block] > MiniMaxH3PrepareConditionLatentsStep
  [h3:block] < MiniMaxH3PrepareConditionLatentsStep: 0.005s
  [h3:block] > MiniMaxH3PrepareLatentsStep
  [h3:block] < MiniMaxH3PrepareLatentsStep: 0.019s
  [h3:block] > MiniMaxH3FL2VAPrepareLatentsStep
  [h3:block] < MiniMaxH3FL2VAPrepareLatentsStep: 0.000s
  [h3:block] > MiniMaxH3SetTimestepsStep
  [h3:block] < MiniMaxH3SetTimestepsStep: 0.159s
  [h3:block] > MiniMaxH3DenoiseStep
  0%|          | 0/1 [00:00<?, ?it/s]    [h3:block] > MiniMaxH3LoopDenoiser i=0 t=0.0000
[W912 15:45:30.755363905 hpu_lazy_tensors.cpp:1293] Warning: The following operations used in HPU graphs might result in accuracy issues : index_select. (function WarnIfOpsIncompatibleWithHPUGraphs)
    [h3:block] < MiniMaxH3LoopDenoiser i=0 t=0.0000: 274.992s
    [h3:block] > MiniMaxH3LoopSchedulerStep i=0 t=0.0000
    [h3:block] < MiniMaxH3LoopSchedulerStep i=0 t=0.0000: 0.050s
100%|██████████| 1/1 [04:35<00:00, 275.04s/it]100%|██████████| 1/1 [04:35<00:00, 275.05s/it]
  [h3:block] < MiniMaxH3DenoiseStep: 275.050s
  [h3:block] > MiniMaxH3AfterDenoiseStep
  [h3:block] < MiniMaxH3AfterDenoiseStep: 0.008s
  [h3:block] > _H3VideoDecodeStep
[h3] denoise complete: device synced at decode entry (0.55s)
ModularPipeline.update_components: setting transformer to None (spec unchanged)
[h3] DiT freed from HPU before decode: mem_get_info free 11.6 -> 11.6 GiB of 94.6 (accounting lags; release verified functional)
  [h3:block] < _H3VideoDecodeStep: 49.702s
  [h3:block] > _H3AudioDecodeStep
[h3] video decode complete: device synced at audio entry (0.00s)
  [h3:block] < _H3AudioDecodeStep: 0.439s
[h3:block] < SequentialPipelineBlocks: 496.525s
[h3] pipeline complete: device synced before export (9.49s)
[h3] wrote 124 frames to ../out/t2va_h3_i2va_probe_frames
[h3] mux: /usr/bin/ffmpeg -y -framerate 24 -i ../out/t2va_h3_i2va_probe_frames/frame_%06d.png -i ../out/t2va_h3_i2va_probe.wav -filter_complex [0:v]format=yuv420p[v];[1:a]aresample=48000[a] -map [v] -map [a] -c:v libx264 -preset slow -crf 17 -c:a aac -b:a 192k -movflags +faststart -shortest ../out/t2va_h3_i2va_probe.mp4
[h3] wrote ../out/t2va_h3_i2va_probe.mp4
[h3] timings: {"generate": 496.53, "export": 18.07, "mux": 2.2}
