launch_h3.sh: GC plugin missing in /usr/lib/habanatools/habana_plugins; using /opt/habanalabs/habana_plugins
[h3] plan: {
  "workflow": "t2va",
  "bucket_res": "r480",
  "canvas": [
    864,
    480
  ],
  "duration_frames": 124,
  "T_lat": 37,
  "audio_latents": 207,
  "rows_per_frame": 405,
  "fl2va_extra_rows": 0,
  "text_budget": 512,
  "expected_packed_seq": 15911,
  "steps": 2,
  "seed": 42,
  "device_map": {
    "te": "cpu",
    "dit": "hpu",
    "vae": "hpu",
    "audio": "hpu"
  }
}
[h3] workdir: /root/src/h3/hpu_port/workdir/t2va
Loading weights:   0%|          | 0/1058 [00:00<?, ?it/s]Loading weights:  35%|███▍      | 370/1058 [00:00<00:00, 3683.47it/s]Loading weights:  70%|██████▉   | 739/1058 [00:00<00:00, 3082.49it/s]Loading weights: 100%|█████████▉| 1054/1058 [00:00<00:00, 3027.75it/s]Loading weights: 100%|██████████| 1058/1058 [00:00<00:00, 3095.51it/s]
Loading checkpoint shards:   0%|          | 0/14 [00:00<?, ?it/s]Loading checkpoint shards:  71%|███████▏  | 10/14 [00:00<00:00, 93.16it/s]Loading checkpoint shards: 100%|██████████| 14/14 [00:00<00:00, 94.02it/s]
Loading checkpoint shards:   0%|          | 0/3 [00:00<?, ?it/s]Loading checkpoint shards: 100%|██████████| 3/3 [00:00<00:00, 39.85it/s]
/root/src/h3/.venv/lib/python3.12/site-packages/torch/nn/utils/weight_norm.py:144: FutureWarning: `torch.nn.utils.weight_norm` is deprecated in favor of `torch.nn.utils.parametrizations.weight_norm`.
  WeightNorm.apply(module, name, dim)
============================= HPU PT BRIDGE CONFIGURATION ON RANK = 0 ============= 
 PT_HPU_LAZY_MODE = 1
 PT_HPU_RECIPE_CACHE_CONFIG = /root/src/h3/hpu_port/.recipe_cache,false,8192,false
 PT_HPU_MAX_COMPOUND_OP_SIZE = 9223372036854775807
 PT_HPU_LAZY_ACC_PAR_MODE = 1
 PT_HPU_ENABLE_REFINE_DYNAMIC_SHAPES = 0
 PT_HPU_EAGER_PIPELINE_ENABLE = 1
 PT_HPU_EAGER_COLLECTIVE_PIPELINE_ENABLE = 1
 PT_HPU_ENABLE_LAZY_COLLECTIVES = 0
---------------------------: System Configuration :---------------------------
Num CPU Cores : 128
CPU RAM       : 125 GB
------------------------------------------------------------------------------
Attention backends are an experimental feature and the API may be subject to change.
Attention backends are an experimental feature and the API may be subject to change.
[h3] placed transformer on hpu
[h3] placed vae on hpu
[h3] placed audio_vae on hpu
[h3] attention backend: habana_fused_sdpa (DiT + video VAE)
[h3] rope cache installed on transformer.rope
[h3] DiT wrapped into HPU graphs (per-bucket static shapes)
[h3] graphs ON
[h3] block logging installed (12 block classes; H3_LOG_BLOCKS=0 to disable)
[h3:block] > SequentialPipelineBlocks
  [h3:block] > MiniMaxH3TextEncoderStep
[h3] embed cache hit: /root/src/h3/hpu_port/.ecache/0be639c56afc729bbdfd0553cfcdb827514604c2bc47bd7cba02687153a0c4ff.pt
  [h3:block] < MiniMaxH3TextEncoderStep: 0.010s
  [h3:block] > MiniMaxH3NoKeyframeAnchorsStep
  [h3:block] < MiniMaxH3NoKeyframeAnchorsStep: 0.000s
  [h3:block] > MiniMaxH3PrepareLayoutStep
  [h3:block] < MiniMaxH3PrepareLayoutStep: 0.004s
  [h3:block] > MiniMaxH3PrepareLatentsStep
  [h3:block] < MiniMaxH3PrepareLatentsStep: 0.013s
  [h3:block] > MiniMaxH3SetTimestepsStep
  [h3:block] < MiniMaxH3SetTimestepsStep: 0.022s
  [h3:block] > MiniMaxH3DenoiseStep
  0%|          | 0/1 [00:00<?, ?it/s]    [h3:block] > MiniMaxH3LoopDenoiser i=0 t=0.0000
[W911 18:52:03.993539050 hpu_lazy_tensors.cpp:1293] Warning: The following operations used in HPU graphs might result in accuracy issues : index_select. (function WarnIfOpsIncompatibleWithHPUGraphs)
    [h3:block] ! MiniMaxH3LoopDenoiser i=0 t=0.0000: FAILED after 1.077s: RuntimeError: synNodeCreateWithId failed for node: range_f32 with synStatus 26 [Generic failure]. .

Error in block: (denoiser, MiniMaxH3LoopDenoiser)
Error details: synNodeCreateWithId failed for node: range_f32 with synStatus 26 [Generic failure]. .
Traceback:
Traceback (most recent call last):
  File "/root/src/h3/.venv/lib/python3.12/site-packages/diffusers/modular_pipelines/modular_pipeline.py", line 1515, in loop_step
    components, state = block(components, state, **kwargs)
                        ^^^^^^^^^^^^^^^^^^^^^^^^^^^^^^^^^^
  File "/root/src/h3/hpu_port/run_t2va.py", line 890, in logged
    out = orig(self, *args, **kwargs)
          ^^^^^^^^^^^^^^^^^^^^^^^^^^^
  File "/root/src/h3/.venv/lib/python3.12/site-packages/torch/utils/_contextlib.py", line 124, in decorate_context
    return func(*args, **kwargs)
           ^^^^^^^^^^^^^^^^^^^^^
  File "/root/src/h3/.venv/lib/python3.12/site-packages/diffusers/modular_pipelines/minimax_h3/denoise.py", line 121, in __call__
    block_state.noise_pred, block_state.audio_noise_pred = transformer(
                                                           ^^^^^^^^^^^^
  File "/root/src/h3/.venv/lib/python3.12/site-packages/torch/nn/modules/module.py", line 1779, in _wrapped_call_impl
    return self._call_impl(*args, **kwargs)
           ^^^^^^^^^^^^^^^^^^^^^^^^^^^^^^^^
  File "/root/src/h3/.venv/lib/python3.12/site-packages/torch/nn/modules/module.py", line 1790, in _call_impl
    return forward_call(*args, **kwargs)
           ^^^^^^^^^^^^^^^^^^^^^^^^^^^^^
  File "/root/src/h3/.venv/lib/python3.12/site-packages/habana_frameworks/torch/hpu/graphs.py", line 890, in forward
    return wrapped_hpugraph_forward(
           ^^^^^^^^^^^^^^^^^^^^^^^^^
  File "/root/src/h3/.venv/lib/python3.12/site-packages/habana_frameworks/torch/hpu/graphs.py", line 709, in wrapped_hpugraph_forward
    graph.capture_end()
  File "/root/src/h3/.venv/lib/python3.12/site-packages/habana_frameworks/torch/hpu/graphs.py", line 65, in capture_end
    _hpu_C.capture_end(self.hpu_graph)
RuntimeError: synNodeCreateWithId failed for node: range_f32 with synStatus 26 [Generic failure]. .

  0%|          | 0/1 [00:01<?, ?it/s]
  [h3:block] ! MiniMaxH3DenoiseStep: FAILED after 1.085s: RuntimeError: synNodeCreateWithId failed for node: range_f32 with synStatus 26 [Generic failure]. .

Error in block: (denoise.denoise, MiniMaxH3DenoiseStep)
Error details: synNodeCreateWithId failed for node: range_f32 with synStatus 26 [Generic failure]. .
Traceback:
Traceback (most recent call last):
  File "/root/src/h3/.venv/lib/python3.12/site-packages/diffusers/modular_pipelines/modular_pipeline.py", line 1145, in __call__
    pipeline, state = block(pipeline, state)
                      ^^^^^^^^^^^^^^^^^^^^^^
  File "/root/src/h3/hpu_port/run_t2va.py", line 890, in logged
    out = orig(self, *args, **kwargs)
          ^^^^^^^^^^^^^^^^^^^^^^^^^^^
  File "/root/src/h3/.venv/lib/python3.12/site-packages/torch/utils/_contextlib.py", line 124, in decorate_context
    return func(*args, **kwargs)
           ^^^^^^^^^^^^^^^^^^^^^
  File "/root/src/h3/.venv/lib/python3.12/site-packages/diffusers/modular_pipelines/minimax_h3/denoise.py", line 265, in __call__
    components, block_state = self.loop_step(components, block_state, i=i, t=t)
                              ^^^^^^^^^^^^^^^^^^^^^^^^^^^^^^^^^^^^^^^^^^^^^^^^^
  File "/root/src/h3/.venv/lib/python3.12/site-packages/diffusers/modular_pipelines/modular_pipeline.py", line 1515, in loop_step
    components, state = block(components, state, **kwargs)
                        ^^^^^^^^^^^^^^^^^^^^^^^^^^^^^^^^^^
  File "/root/src/h3/hpu_port/run_t2va.py", line 890, in logged
    out = orig(self, *args, **kwargs)
          ^^^^^^^^^^^^^^^^^^^^^^^^^^^
  File "/root/src/h3/.venv/lib/python3.12/site-packages/torch/utils/_contextlib.py", line 124, in decorate_context
    return func(*args, **kwargs)
           ^^^^^^^^^^^^^^^^^^^^^
  File "/root/src/h3/.venv/lib/python3.12/site-packages/diffusers/modular_pipelines/minimax_h3/denoise.py", line 121, in __call__
    block_state.noise_pred, block_state.audio_noise_pred = transformer(
                                                           ^^^^^^^^^^^^
  File "/root/src/h3/.venv/lib/python3.12/site-packages/torch/nn/modules/module.py", line 1779, in _wrapped_call_impl
    return self._call_impl(*args, **kwargs)
           ^^^^^^^^^^^^^^^^^^^^^^^^^^^^^^^^
  File "/root/src/h3/.venv/lib/python3.12/site-packages/torch/nn/modules/module.py", line 1790, in _call_impl
    return forward_call(*args, **kwargs)
           ^^^^^^^^^^^^^^^^^^^^^^^^^^^^^
  File "/root/src/h3/.venv/lib/python3.12/site-packages/habana_frameworks/torch/hpu/graphs.py", line 890, in forward
    return wrapped_hpugraph_forward(
           ^^^^^^^^^^^^^^^^^^^^^^^^^
  File "/root/src/h3/.venv/lib/python3.12/site-packages/habana_frameworks/torch/hpu/graphs.py", line 709, in wrapped_hpugraph_forward
    graph.capture_end()
  File "/root/src/h3/.venv/lib/python3.12/site-packages/habana_frameworks/torch/hpu/graphs.py", line 65, in capture_end
    _hpu_C.capture_end(self.hpu_graph)
RuntimeError: synNodeCreateWithId failed for node: range_f32 with synStatus 26 [Generic failure]. .

[h3:block] ! SequentialPipelineBlocks: FAILED after 1.135s: RuntimeError: synNodeCreateWithId failed for node: range_f32 with synStatus 26 [Generic failure]. .
Error in block: (SequentialPipelineBlocks):

Traceback (most recent call last):
  File "/root/src/h3/hpu_port/run_t2va.py", line 1805, in <module>
    sys.exit(main())
             ^^^^^^
  File "/root/src/h3/hpu_port/run_t2va.py", line 1762, in main
    state = pipe(**{**kwargs, "num_inference_steps": run_steps})
            ^^^^^^^^^^^^^^^^^^^^^^^^^^^^^^^^^^^^^^^^^^^^^^^^^^^^
  File "/root/src/h3/.venv/lib/python3.12/site-packages/diffusers/modular_pipelines/modular_pipeline.py", line 2927, in __call__
    _, state = self._blocks(self, state)
               ^^^^^^^^^^^^^^^^^^^^^^^^^
  File "/root/src/h3/hpu_port/run_t2va.py", line 890, in logged
    out = orig(self, *args, **kwargs)
          ^^^^^^^^^^^^^^^^^^^^^^^^^^^
  File "/root/src/h3/.venv/lib/python3.12/site-packages/torch/utils/_contextlib.py", line 124, in decorate_context
    return func(*args, **kwargs)
           ^^^^^^^^^^^^^^^^^^^^^
  File "/root/src/h3/.venv/lib/python3.12/site-packages/diffusers/modular_pipelines/modular_pipeline.py", line 1145, in __call__
    pipeline, state = block(pipeline, state)
                      ^^^^^^^^^^^^^^^^^^^^^^
  File "/root/src/h3/hpu_port/run_t2va.py", line 890, in logged
    out = orig(self, *args, **kwargs)
          ^^^^^^^^^^^^^^^^^^^^^^^^^^^
  File "/root/src/h3/.venv/lib/python3.12/site-packages/torch/utils/_contextlib.py", line 124, in decorate_context
    return func(*args, **kwargs)
           ^^^^^^^^^^^^^^^^^^^^^
  File "/root/src/h3/.venv/lib/python3.12/site-packages/diffusers/modular_pipelines/minimax_h3/denoise.py", line 265, in __call__
    components, block_state = self.loop_step(components, block_state, i=i, t=t)
                              ^^^^^^^^^^^^^^^^^^^^^^^^^^^^^^^^^^^^^^^^^^^^^^^^^
  File "/root/src/h3/.venv/lib/python3.12/site-packages/diffusers/modular_pipelines/modular_pipeline.py", line 1515, in loop_step
    components, state = block(components, state, **kwargs)
                        ^^^^^^^^^^^^^^^^^^^^^^^^^^^^^^^^^^
  File "/root/src/h3/hpu_port/run_t2va.py", line 890, in logged
    out = orig(self, *args, **kwargs)
          ^^^^^^^^^^^^^^^^^^^^^^^^^^^
  File "/root/src/h3/.venv/lib/python3.12/site-packages/torch/utils/_contextlib.py", line 124, in decorate_context
    return func(*args, **kwargs)
           ^^^^^^^^^^^^^^^^^^^^^
  File "/root/src/h3/.venv/lib/python3.12/site-packages/diffusers/modular_pipelines/minimax_h3/denoise.py", line 121, in __call__
    block_state.noise_pred, block_state.audio_noise_pred = transformer(
                                                           ^^^^^^^^^^^^
  File "/root/src/h3/.venv/lib/python3.12/site-packages/torch/nn/modules/module.py", line 1779, in _wrapped_call_impl
    return self._call_impl(*args, **kwargs)
           ^^^^^^^^^^^^^^^^^^^^^^^^^^^^^^^^
  File "/root/src/h3/.venv/lib/python3.12/site-packages/torch/nn/modules/module.py", line 1790, in _call_impl
    return forward_call(*args, **kwargs)
           ^^^^^^^^^^^^^^^^^^^^^^^^^^^^^
  File "/root/src/h3/.venv/lib/python3.12/site-packages/habana_frameworks/torch/hpu/graphs.py", line 890, in forward
    return wrapped_hpugraph_forward(
           ^^^^^^^^^^^^^^^^^^^^^^^^^
  File "/root/src/h3/.venv/lib/python3.12/site-packages/habana_frameworks/torch/hpu/graphs.py", line 709, in wrapped_hpugraph_forward
    graph.capture_end()
  File "/root/src/h3/.venv/lib/python3.12/site-packages/habana_frameworks/torch/hpu/graphs.py", line 65, in capture_end
    _hpu_C.capture_end(self.hpu_graph)
RuntimeError: synNodeCreateWithId failed for node: range_f32 with synStatus 26 [Generic failure]. .
