============================= HPU PT BRIDGE CONFIGURATION ON RANK = 0 ============= 
 PT_HPU_LAZY_MODE = 1
 PT_HPU_RECIPE_CACHE_CONFIG = ,false,1024,false
 PT_HPU_MAX_COMPOUND_OP_SIZE = 9223372036854775807
 PT_HPU_LAZY_ACC_PAR_MODE = 1
 PT_HPU_ENABLE_REFINE_DYNAMIC_SHAPES = 0
 PT_HPU_EAGER_PIPELINE_ENABLE = 1
 PT_HPU_EAGER_COLLECTIVE_PIPELINE_ENABLE = 1
 PT_HPU_ENABLE_LAZY_COLLECTIVES = 0
---------------------------: System Configuration :---------------------------
Num CPU Cores : 128
CPU RAM       : 125 GB
------------------------------------------------------------------------------
Loading weights:   0%|          | 0/1058 [00:00<?, ?it/s]Loading weights:  33%|███▎      | 348/1058 [00:00<00:00, 3472.60it/s]Loading weights:  66%|██████▌   | 696/1058 [00:00<00:00, 3119.69it/s]Loading weights:  96%|█████████▌| 1011/1058 [00:00<00:00, 3076.12it/s]Loading weights: 100%|██████████| 1058/1058 [00:00<00:00, 3124.31it/s]
[goal-probe] model + processor loaded
[te-stream] dropped 13 never-executed decoder layers
[te-stream] dropped lm_head (never used; embeds are tied)
[te-stream] rotary on hpu; vision tower + embed stay on CPU (bit-exact)
[te-stream] activated on hpu (graphs OFF, eager recipes per region)
[goal-probe] streamed conditioner active
[goal-probe] seq    10: rel_fro(vs cpu bf16)=0.00000 det=True t0=4.4s steady=4.18s -> PASS
[goal-probe] seq    40: rel_fro(vs cpu bf16)=0.00000 det=True t0=4.4s steady=4.11s -> PASS
[goal-probe] seq   146: rel_fro(vs cpu bf16)=0.00000 det=True t0=5.4s steady=4.17s -> PASS
[goal-probe] seq   510: rel_fro(vs cpu bf16)=0.00000 det=True t0=4.5s steady=4.14s -> PASS
[goal-probe] image presentation seq 415: cpu bf16 ref done
[goal-probe] streamed image: t0=8.0s det=True rel_fro(vs cpu bf16)=0.34874
[goal-probe] computing fp32 truth (LM-only forward, per-layer casts)...
Traceback (most recent call last):
  File "/root/src/h3/hpu_port/tests/te_stream_goal_probe.py", line 225, in <module>
    sys.exit(main())
             ^^^^^^
  File "/root/src/h3/hpu_port/tests/te_stream_goal_probe.py", line 208, in main
    truth = fp32_truth()
            ^^^^^^^^^^^^
  File "/root/src/h3/hpu_port/tests/te_stream_goal_probe.py", line 163, in fp32_truth
    pos_ids, _ = lang.get_rope_index(
                 ^^^^^^^^^^^^^^^^^^^
  File "/root/src/h3/.venv/lib/python3.12/site-packages/habana_frameworks/torch/core/weight_sharing.py", line 95, in wrapped__getattr__
    result = self.original__get_attr__(name)
             ^^^^^^^^^^^^^^^^^^^^^^^^^^^^^^^
  File "/root/src/h3/.venv/lib/python3.12/site-packages/torch/nn/modules/module.py", line 1968, in __getattr__
    raise AttributeError(
AttributeError: 'Qwen3VLTextModel' object has no attribute 'get_rope_index'
