[probe] torch=2.11.0a0+git009b5f6 seq=512 layers_probed=8
[probe] hpu available=True count=8
============================= HPU PT BRIDGE CONFIGURATION ON RANK = 0 ============= 
 PT_HPU_LAZY_MODE = 1
 PT_HPU_RECIPE_CACHE_CONFIG = ,false,1024,false
 PT_HPU_MAX_COMPOUND_OP_SIZE = 9223372036854775807
 PT_HPU_LAZY_ACC_PAR_MODE = 1
 PT_HPU_ENABLE_REFINE_DYNAMIC_SHAPES = 0
 PT_HPU_EAGER_PIPELINE_ENABLE = 1
 PT_HPU_EAGER_COLLECTIVE_PIPELINE_ENABLE = 1
 PT_HPU_ENABLE_LAZY_COLLECTIVES = 0
---------------------------: System Configuration :---------------------------
Num CPU Cores : 128
CPU RAM       : 125 GB
------------------------------------------------------------------------------
[probe] mem: free=101.60 GB total=101.60 GB
[probe] layer0 shard: model-00001-of-00014.safetensors
[probe] H2D pinned 1.07 GB: 45.4 ms -> 23.6 GB/s (first=46.4 ms)
[probe] real layer-0 page-in from mmap shard: 8.2 ms (0.98 GB, expected ~1.06 GB)
[probe] layer forward warmup 0: 417.8 ms (first includes per-op lazy compile)
[probe] layer forward warmup 1: 7.3 ms (first includes per-op lazy compile)
[probe] layer forward warmup 2: 6.0 ms (first includes per-op lazy compile)
[probe] layer forward steady: 5.77 ms (min 5.63 max 6.04)
[probe] layer forward FLOPs ~ 0.6 TFLOP -> 101 TFLOPS eff.
[probe] stream layer 0: page-in 354 ms | H2D copy 43 ms | compute 5 ms | total 403 ms
[probe] stream layer 1: page-in 139 ms | H2D copy 42 ms | compute 5 ms | total 187 ms
[probe] stream layer 2: page-in 136 ms | H2D copy 43 ms | compute 5 ms | total 184 ms
[probe] stream layer 3: page-in 129 ms | H2D copy 44 ms | compute 6 ms | total 178 ms
[probe] stream layer 4: page-in 120 ms | H2D copy 44 ms | compute 64 ms | total 228 ms
[probe] stream layer 5: page-in 133 ms | H2D copy 43 ms | compute 6 ms | total 182 ms
[probe] stream layer 6: page-in 124 ms | H2D copy 43 ms | compute 6 ms | total 172 ms
[probe] stream layer 7: page-in 124 ms | H2D copy 42 ms | compute 6 ms | total 172 ms
[probe] stream+compute avg/layer (incl. cold page-in): 213 ms
[probe] pinned preload of 8 layers: 1.0 s (8.47 GB host RAM)
[probe] STEADY stream+compute avg/layer: 47 ms (copy 42 + compute 5; 1st pass absorbed warmup)
[probe] CPU baseline layer forward (32 threads): 881.4 ms
[probe] === projection (64 layers, seq 512, bf16) ===
[probe] HPU streamed eager, cold-disk weights: 14.0 s (disk-bound, ~1 GB/s ZFS)
[probe] HPU streamed eager, RAM-resident:      3.0 s  <-- the design
[probe] CPU baseline layer math:               56.4 s
[probe] documented CPU TE end-to-end:          89.0 s
[probe] speedup steady vs CPU layer math:      18.8x
[probe] note: excludes embedding lookup (gather, negligible); double-buffering
[probe] the H2D copy under compute would hide the copy behind the 5.5 ms compute
[probe] only partially (copy >> compute), so the copy IS the steady-state floor.
[probe] done.
