[probe] torch=2.11.0a0+git009b5f6 seq=512 layers_probed=8
[probe] hpu available=True count=8
============================= HPU PT BRIDGE CONFIGURATION ON RANK = 0 ============= 
 PT_HPU_LAZY_MODE = 1
 PT_HPU_RECIPE_CACHE_CONFIG = ,false,1024,false
 PT_HPU_MAX_COMPOUND_OP_SIZE = 9223372036854775807
 PT_HPU_LAZY_ACC_PAR_MODE = 1
 PT_HPU_ENABLE_REFINE_DYNAMIC_SHAPES = 0
 PT_HPU_EAGER_PIPELINE_ENABLE = 1
 PT_HPU_EAGER_COLLECTIVE_PIPELINE_ENABLE = 1
 PT_HPU_ENABLE_LAZY_COLLECTIVES = 0
---------------------------: System Configuration :---------------------------
Num CPU Cores : 128
CPU RAM       : 125 GB
------------------------------------------------------------------------------
[probe] mem: free=101.60 GB total=101.60 GB
[probe] layer0 shard: model-00001-of-00014.safetensors
[probe] H2D pinned 1.07 GB: 44.1 ms -> 24.3 GB/s (first=44.2 ms)
[probe] real layer-0 page-in from mmap shard: 5.1 ms (0.98 GB, expected ~1.06 GB)
[probe] layer forward warmup 0: 460.1 ms (first includes per-op lazy compile)
[probe] layer forward warmup 1: 7.7 ms (first includes per-op lazy compile)
[probe] layer forward warmup 2: 5.9 ms (first includes per-op lazy compile)
[probe] layer forward steady: 5.48 ms (min 5.45 max 5.53)
[probe] layer forward FLOPs ~ 0.6 TFLOP -> 107 TFLOPS eff.
[probe] stream layer 0: page-in 308 ms | H2D copy 42 ms | compute 6 ms | total 356 ms
[probe] stream layer 1: page-in 89 ms | H2D copy 41 ms | compute 6 ms | total 135 ms
[probe] stream layer 2: page-in 83 ms | H2D copy 41 ms | compute 6 ms | total 130 ms
[probe] stream layer 3: page-in 783 ms | H2D copy 42 ms | compute 6 ms | total 831 ms
[probe] stream layer 4: page-in 961 ms | H2D copy 42 ms | compute 82 ms | total 1084 ms
[probe] stream layer 5: page-in 1084 ms | H2D copy 42 ms | compute 6 ms | total 1133 ms
[probe] stream layer 6: page-in 1000 ms | H2D copy 42 ms | compute 6 ms | total 1047 ms
[probe] stream layer 7: page-in 1013 ms | H2D copy 42 ms | compute 6 ms | total 1061 ms
[probe] stream+compute avg/layer: 722 ms
[probe] CPU baseline layer forward (32 threads): 1186.7 ms
[probe] === projection (64 layers, seq 512, bf16) ===
[probe] HPU streamed eager (no graphs): 46.6 s  (46.2 s stream + 0.4 s compute)
[probe] CPU baseline layer math:        75.9 s
[probe] documented CPU TE end-to-end:   89.0 s (incl. tokenization/vision pipeline overhead)
[probe] speedup vs CPU layer math:      1.6x
[probe] note: projection excludes embedding lookup (gather, negligible) and
[probe] assumes page-cache-warm shards (cold-disk adds seq-read time only).
[probe] done.
